exports[`App Should match snapshot, render Header, Body, and Footer 1`] = `
<div
  id="App"
>
  <Component
    schemaToggle={[Function]}
    cacheToggle={[Function]}
    visualizerToggle={[Function]}
  />

  <Component
    timeStamps={[Function]} 
    queries={[Function]} 
    isToggle={[Function]} 
    historyBtn={historyBtn} 
    results={results} 
    url={url} 
    schemaStatus={schemaStatus} 
    cacheStatus={cacheStatus} 
    getCache={getCache} 
    cache={cache} 
    history={history} 
    visualizerStatus={visualizerStatus}
  />
</div>
`;