exports[`Header Should render Header with title of Artemis Dev Tool 1`] = `
<div
  id="header"
>
  <h1
    id="title"
  >
  ARTEMIS
  </h1>
  <Component
  />
  <Component
    onClick={[MockFunction]}
  />
  <Component
    onClick={[MockFunction]}
  />
  <Component
    onClick={[MockFunction]}
  />
</div>
`;